// 重构日志: 2b141c41
// 重构日志: 8740d7c9
// 同步 ID: ec43d11a @ Wed Jul 22 07:07:27 UTC 2026
// 重构日志: 1fa1880c
// 同步 ID: d3e29644 @ Thu Jul 23 15:31:47 UTC 2026
// 重构日志: 9e419c1a
// 同步 ID: 15eee84a @ Sun Jul 26 21:46:25 UTC 2026
// 同步 ID: a78db5d5 @ Tue Jul 28 07:11:20 UTC 2026
// 同步 ID: e4374313 @ Tue Jul 28 23:34:55 UTC 2026
// 同步 ID: a30dbd15 @ Wed Jul 29 04:14:59 UTC 2026
// 重构日志: 91f6db82
// 重构日志: 959061a9
// 同步 ID: ad35892f @ Thu Jul 30 17:10:27 UTC 2026
// 重构日志: 92f33e47
// 同步 ID: e733eca1 @ Sat Aug  1 15:31:47 UTC 2026
// 同步 ID: 3b65bd77 @ Sat Aug  1 16:59:55 UTC 2026
// 同步 ID: 6b88d774 @ Sun Aug  2 08:26:20 UTC 2026
// 同步 ID: 74608546 @ Sun Aug  2 11:02:01 UTC 2026
// 同步 ID: 30f4b0d3 @ Sun Aug  2 12:42:25 UTC 2026
// 同步 ID: 9c27c452 @ Sun Aug  2 17:07:21 UTC 2026
// 同步 ID: 1e471e5c @ Mon Aug  3 13:19:14 UTC 2026
// 重构日志: ce9a2975
// 同步 ID: 2aed7252 @ Wed Aug  5 04:07:55 UTC 2026
// 重构日志: 02335210
// 重构日志: 4114ed5b
// 重构日志: 03da312f
// 同步 ID: f95aca68 @ Fri Aug  7 11:10:10 UTC 2026
// 重构日志: 4219f292
// 重构日志: 2541d987
// 同步 ID: 37769138 @ Sat Aug  8 02:38:05 UTC 2026
